// Jest Snapshot v1, https://goo.gl/fbAQLP

exports[`should test the expense list component with expenses list data 1`] = `
<p>
  <Component
    amount={90}
    createAt={0}
    description="Water"
    id="1"
    key="1"
    note=""
  />
  <Component
    amount={90}
    createAt={234230}
    description="Gas bill"
    id="2"
    key="2"
    note=""
  />
  <Component
    amount={990900}
    createAt={2340}
    description="Foods bill"
    id="3"
    key="3"
    note=""
  />
</p>
`;

exports[`should test the expense list component without expenses list data 1`] = `
<p>
  <p>
    No Expenses Exsists
  </p>
</p>
`;
