// Jest Snapshot v1, https://goo.gl/fbAQLP

exports[`should test the expensen list items 1`] = `
<div>
  <h3>
    <Link
      replace={false}
      to="/edit#1"
    >
      Water
    </Link>
  </h3>
  <p>
    90
     - 
    0
  </p>
</div>
`;
